// Vitest Snapshot v1, https://vitest.dev/guide/snapshot.html

exports[`batch call (deployless: false) > args: blockNumber 1`] = `
[
  {
    "data": "0x000000000000000000000000000000000000000000000000000000000000002000000000000000000000000000000000000000000000000000000000000000057761676d69000000000000000000000000000000000000000000000000000000",
  },
  {
    "data": "0x000000000000000000000000000000000000000000000000000000000000002000000000000000000000000000000000000000000000000000000000000000057761676d69000000000000000000000000000000000000000000000000000000",
  },
  {
    "data": "0x0000000000000000000000000000000000000000000000000000000000000020000000000000000000000000000000000000000000000000000000000000000855534420436f696e000000000000000000000000000000000000000000000000",
  },
  {
    "data": "0x00000000000000000000000000000000000000000000000000000000000000200000000000000000000000000000000000000000000000000000000000000011426f7265644170655961636874436c7562000000000000000000000000000000",
  },
  {
    "data": "0x000000000000000000000000000000000000000000000000000000000000002000000000000000000000000000000000000000000000000000000000000000057761676d69000000000000000000000000000000000000000000000000000000",
  },
  {
    "data": "0x0000000000000000000000000000000000000000000000000000000000000020000000000000000000000000000000000000000000000000000000000000000855534420436f696e000000000000000000000000000000000000000000000000",
  },
  {
    "data": "0x00000000000000000000000000000000000000000000000000000000000000200000000000000000000000000000000000000000000000000000000000000011426f7265644170655961636874436c7562000000000000000000000000000000",
  },
]
`;

exports[`batch call (deployless: false) > chain not configured with multicall 1`] = `
[
  {
    "data": "0x000000000000000000000000000000000000000000000000000000000000002000000000000000000000000000000000000000000000000000000000000000057761676d69000000000000000000000000000000000000000000000000000000",
  },
  {
    "data": "0x0000000000000000000000000000000000000000000000000000000000000020000000000000000000000000000000000000000000000000000000000000000855534420436f696e000000000000000000000000000000000000000000000000",
  },
  {
    "data": "0x00000000000000000000000000000000000000000000000000000000000000200000000000000000000000000000000000000000000000000000000000000011426f7265644170655961636874436c7562000000000000000000000000000000",
  },
]
`;

exports[`batch call (deployless: false) > client config 1`] = `
[
  {
    "data": "0x000000000000000000000000000000000000000000000000000000000000002000000000000000000000000000000000000000000000000000000000000000057761676d69000000000000000000000000000000000000000000000000000000",
  },
  {
    "data": "0x0000000000000000000000000000000000000000000000000000000000000020000000000000000000000000000000000000000000000000000000000000000855534420436f696e000000000000000000000000000000000000000000000000",
  },
  {
    "data": "0x00000000000000000000000000000000000000000000000000000000000000200000000000000000000000000000000000000000000000000000000000000011426f7265644170655961636874436c7562000000000000000000000000000000",
  },
  {
    "data": "0x000000000000000000000000000000000000000000000000000000000000002000000000000000000000000000000000000000000000000000000000000000057761676d69000000000000000000000000000000000000000000000000000000",
  },
  {
    "data": "0x0000000000000000000000000000000000000000000000000000000000000020000000000000000000000000000000000000000000000000000000000000000855534420436f696e000000000000000000000000000000000000000000000000",
  },
  {
    "data": "0x00000000000000000000000000000000000000000000000000000000000000200000000000000000000000000000000000000000000000000000000000000011426f7265644170655961636874436c7562000000000000000000000000000000",
  },
]
`;

exports[`batch call (deployless: false) > contract revert 1`] = `
[
  {
    "status": "fulfilled",
    "value": {
      "data": "0x000000000000000000000000000000000000000000000000000000000000002000000000000000000000000000000000000000000000000000000000000000057761676d69000000000000000000000000000000000000000000000000000000",
    },
  },
  {
    "reason": [CallExecutionError: Execution reverted for an unknown reason.

Raw Call Arguments:
  to:    0xFBA3912Ca04dd458c843e2EE08967fC04f3579c2
  data:  0xa0712d6800000000000000000000000000000000000000000000000000000000000001a4

Version: viem@x.y.z],
    "status": "rejected",
  },
]
`;

exports[`batch call (deployless: false) > default 1`] = `
[
  {
    "data": "0x000000000000000000000000000000000000000000000000000000000000002000000000000000000000000000000000000000000000000000000000000000057761676d69000000000000000000000000000000000000000000000000000000",
  },
  {
    "data": "0x0000000000000000000000000000000000000000000000000000000000000020000000000000000000000000000000000000000000000000000000000000000855534420436f696e000000000000000000000000000000000000000000000000",
  },
  {
    "data": "0x00000000000000000000000000000000000000000000000000000000000000200000000000000000000000000000000000000000000000000000000000000011426f7265644170655961636874436c7562000000000000000000000000000000",
  },
  {
    "data": "0x000000000000000000000000000000000000000000000000000000000000002000000000000000000000000000000000000000000000000000000000000000057761676d69000000000000000000000000000000000000000000000000000000",
  },
  {
    "data": "0x0000000000000000000000000000000000000000000000000000000000000020000000000000000000000000000000000000000000000000000000000000000855534420436f696e000000000000000000000000000000000000000000000000",
  },
  {
    "data": "0x00000000000000000000000000000000000000000000000000000000000000200000000000000000000000000000000000000000000000000000000000000011426f7265644170655961636874436c7562000000000000000000000000000000",
  },
]
`;

exports[`batch call (deployless: false) > no chain on client 1`] = `
[
  {
    "data": "0x000000000000000000000000000000000000000000000000000000000000002000000000000000000000000000000000000000000000000000000000000000057761676d69000000000000000000000000000000000000000000000000000000",
  },
  {
    "data": "0x0000000000000000000000000000000000000000000000000000000000000020000000000000000000000000000000000000000000000000000000000000000855534420436f696e000000000000000000000000000000000000000000000000",
  },
  {
    "data": "0x00000000000000000000000000000000000000000000000000000000000000200000000000000000000000000000000000000000000000000000000000000011426f7265644170655961636874436c7562000000000000000000000000000000",
  },
]
`;

exports[`batch call (deployless: true) > args: blockNumber 1`] = `
[
  {
    "data": "0x000000000000000000000000000000000000000000000000000000000000002000000000000000000000000000000000000000000000000000000000000000057761676d69000000000000000000000000000000000000000000000000000000",
  },
  {
    "data": "0x000000000000000000000000000000000000000000000000000000000000002000000000000000000000000000000000000000000000000000000000000000057761676d69000000000000000000000000000000000000000000000000000000",
  },
  {
    "data": "0x0000000000000000000000000000000000000000000000000000000000000020000000000000000000000000000000000000000000000000000000000000000855534420436f696e000000000000000000000000000000000000000000000000",
  },
  {
    "data": "0x00000000000000000000000000000000000000000000000000000000000000200000000000000000000000000000000000000000000000000000000000000011426f7265644170655961636874436c7562000000000000000000000000000000",
  },
  {
    "data": "0x000000000000000000000000000000000000000000000000000000000000002000000000000000000000000000000000000000000000000000000000000000057761676d69000000000000000000000000000000000000000000000000000000",
  },
  {
    "data": "0x0000000000000000000000000000000000000000000000000000000000000020000000000000000000000000000000000000000000000000000000000000000855534420436f696e000000000000000000000000000000000000000000000000",
  },
  {
    "data": "0x00000000000000000000000000000000000000000000000000000000000000200000000000000000000000000000000000000000000000000000000000000011426f7265644170655961636874436c7562000000000000000000000000000000",
  },
]
`;

exports[`batch call (deployless: true) > client config 1`] = `
[
  {
    "data": "0x000000000000000000000000000000000000000000000000000000000000002000000000000000000000000000000000000000000000000000000000000000057761676d69000000000000000000000000000000000000000000000000000000",
  },
  {
    "data": "0x0000000000000000000000000000000000000000000000000000000000000020000000000000000000000000000000000000000000000000000000000000000855534420436f696e000000000000000000000000000000000000000000000000",
  },
  {
    "data": "0x00000000000000000000000000000000000000000000000000000000000000200000000000000000000000000000000000000000000000000000000000000011426f7265644170655961636874436c7562000000000000000000000000000000",
  },
  {
    "data": "0x000000000000000000000000000000000000000000000000000000000000002000000000000000000000000000000000000000000000000000000000000000057761676d69000000000000000000000000000000000000000000000000000000",
  },
  {
    "data": "0x0000000000000000000000000000000000000000000000000000000000000020000000000000000000000000000000000000000000000000000000000000000855534420436f696e000000000000000000000000000000000000000000000000",
  },
  {
    "data": "0x00000000000000000000000000000000000000000000000000000000000000200000000000000000000000000000000000000000000000000000000000000011426f7265644170655961636874436c7562000000000000000000000000000000",
  },
]
`;

exports[`batch call (deployless: true) > contract revert 1`] = `
[
  {
    "status": "fulfilled",
    "value": {
      "data": "0x000000000000000000000000000000000000000000000000000000000000002000000000000000000000000000000000000000000000000000000000000000057761676d69000000000000000000000000000000000000000000000000000000",
    },
  },
  {
    "reason": [CallExecutionError: Execution reverted for an unknown reason.

Raw Call Arguments:
  to:    0xFBA3912Ca04dd458c843e2EE08967fC04f3579c2
  data:  0xa0712d6800000000000000000000000000000000000000000000000000000000000001a4

Version: viem@x.y.z],
    "status": "rejected",
  },
]
`;

exports[`batch call (deployless: true) > default 1`] = `
[
  {
    "data": "0x000000000000000000000000000000000000000000000000000000000000002000000000000000000000000000000000000000000000000000000000000000057761676d69000000000000000000000000000000000000000000000000000000",
  },
  {
    "data": "0x0000000000000000000000000000000000000000000000000000000000000020000000000000000000000000000000000000000000000000000000000000000855534420436f696e000000000000000000000000000000000000000000000000",
  },
  {
    "data": "0x00000000000000000000000000000000000000000000000000000000000000200000000000000000000000000000000000000000000000000000000000000011426f7265644170655961636874436c7562000000000000000000000000000000",
  },
  {
    "data": "0x000000000000000000000000000000000000000000000000000000000000002000000000000000000000000000000000000000000000000000000000000000057761676d69000000000000000000000000000000000000000000000000000000",
  },
  {
    "data": "0x0000000000000000000000000000000000000000000000000000000000000020000000000000000000000000000000000000000000000000000000000000000855534420436f696e000000000000000000000000000000000000000000000000",
  },
  {
    "data": "0x00000000000000000000000000000000000000000000000000000000000000200000000000000000000000000000000000000000000000000000000000000011426f7265644170655961636874436c7562000000000000000000000000000000",
  },
]
`;
